[htmldemo.net/monsta/monsta/index-2.html]
[backblue.gif]
[fade.gif]
[index.html]
[htmldemo.net/monsta/monsta/assets/img/favicon.ico]
[htmldemo.net/monsta/monsta/assets/css/style.css]
[htmldemo.net/monsta/monsta/assets/css/plugins.css]
[htmldemo.net/monsta/monsta/assets/js/vendor/modernizr-3.7.1.min.js]
[htmldemo.net/monsta/monsta/index-3.html]
[htmldemo.net/monsta/monsta/index.html]
[htmldemo.net/monsta/monsta/index-4.html]
[htmldemo.net/monsta/monsta/index-5.html]
[htmldemo.net/monsta/monsta/index-6.html]
[htmldemo.net/monsta/monsta/index-7.html]
[htmldemo.net/monsta/monsta/index-8.html]
[htmldemo.net/monsta/monsta/index-9.html]
[htmldemo.net/monsta/monsta/index-10.html]
[htmldemo.net/monsta/monsta/shop.html]
[htmldemo.net/monsta/monsta/shop-fullwidth.html]
[htmldemo.net/monsta/monsta/shop-fullwidth-list.html]
[htmldemo.net/monsta/monsta/shop-right-sidebar.html]
[htmldemo.net/monsta/monsta/shop-right-sidebar-list.html]
[htmldemo.net/monsta/monsta/shop-list.html]
[htmldemo.net/monsta/monsta/portfolio.html]
[htmldemo.net/monsta/monsta/portfolio-details.html]
[htmldemo.net/monsta/monsta/cart.html]
[htmldemo.net/monsta/monsta/checkout.html]
[htmldemo.net/monsta/monsta/my-account.html]
[htmldemo.net/monsta/monsta/product-details.html]
[htmldemo.net/monsta/monsta/product-sidebar.html]
[htmldemo.net/monsta/monsta/product-grouped.html]
[htmldemo.net/monsta/monsta/variable-product.html]
[htmldemo.net/monsta/monsta/blog.html]
[htmldemo.net/monsta/monsta/blog-details.html]
[htmldemo.net/monsta/monsta/blog-fullwidth.html]
[htmldemo.net/monsta/monsta/blog-left.html]
[htmldemo.net/monsta/monsta/blog-none-sidebar.html]
[htmldemo.net/monsta/monsta/blog-right.html]
[htmldemo.net/monsta/monsta/blog-sticky.html]
[htmldemo.net/monsta/monsta/about.html]
[htmldemo.net/monsta/monsta/services.html]
[htmldemo.net/monsta/monsta/faq.html]
[htmldemo.net/monsta/monsta/contact.html]
[htmldemo.net/monsta/monsta/login.html]
[htmldemo.net/monsta/monsta/wishlist.html]
[htmldemo.net/monsta/monsta/404.html]
[htmldemo.net/monsta/monsta/compare.html]
[htmldemo.net/monsta/monsta/privacy-policy.html]
[htmldemo.net/monsta/monsta/coming-soon.html]
[htmldemo.net/monsta/monsta/assets/img/logo/logo.png]
[htmldemo.net/monsta/monsta/assets/img/s-product/product.jpg]
[htmldemo.net/monsta/monsta/assets/img/s-product/product2.jpg]
[htmldemo.net/monsta/monsta/assets/img/slider/slider3.jpg]
[htmldemo.net/monsta/monsta/assets/img/slider/slider4.jpg]
[htmldemo.net/monsta/monsta/assets/img/bg/banner5.jpg]
[htmldemo.net/monsta/monsta/assets/img/bg/banner6.jpg]
[htmldemo.net/monsta/monsta/assets/img/product/product13.jpg]
[htmldemo.net/monsta/monsta/assets/img/product/product14.jpg]
[htmldemo.net/monsta/monsta/assets/img/product/product1.jpg]
[htmldemo.net/monsta/monsta/assets/img/product/product2.jpg]
[htmldemo.net/monsta/monsta/assets/img/product/product10.jpg]
[htmldemo.net/monsta/monsta/assets/img/product/product11.jpg]
[htmldemo.net/monsta/monsta/assets/img/product/product12.jpg]
[htmldemo.net/monsta/monsta/assets/img/product/product15.jpg]
[htmldemo.net/monsta/monsta/assets/img/product/product16.jpg]
[htmldemo.net/monsta/monsta/assets/img/product/product5.jpg]
[htmldemo.net/monsta/monsta/assets/img/product/product6.jpg]
[htmldemo.net/monsta/monsta/assets/img/product/product8.jpg]
[htmldemo.net/monsta/monsta/assets/img/product/product3.jpg]
[htmldemo.net/monsta/monsta/assets/img/product/product4.jpg]
[htmldemo.net/monsta/monsta/assets/img/product/product7.jpg]
[htmldemo.net/monsta/monsta/assets/img/product/product9.jpg]
[htmldemo.net/monsta/monsta/assets/img/blog/blog1.jpg]
[htmldemo.net/monsta/monsta/assets/img/blog/blog2.jpg]
[htmldemo.net/monsta/monsta/assets/img/blog/blog3.jpg]
[htmldemo.net/monsta/monsta/assets/img/s-product/product5.jpg]
[htmldemo.net/monsta/monsta/assets/img/s-product/product6.jpg]
[htmldemo.net/monsta/monsta/assets/img/icon/papyel2.png]
[htmldemo.net/monsta/monsta/assets/js/vendor/jquery-3.4.1.min.js]
[htmldemo.net/monsta/monsta/assets/js/popper.js]
[htmldemo.net/monsta/monsta/assets/js/bootstrap.min.js]
[htmldemo.net/monsta/monsta/assets/js/plugins.js]
[htmldemo.net/monsta/monsta/assets/js/owl.carousel.main.js]
[htmldemo.net/monsta/monsta/assets/js/jquery.nice.select.js]
[htmldemo.net/monsta/monsta/assets/js/scrollup.js]
[htmldemo.net/monsta/monsta/assets/js/ajax.chimp.js]
[htmldemo.net/monsta/monsta/assets/js/jquery.ui.js]
[htmldemo.net/monsta/monsta/assets/js/jquery.elevatezoom.js]
[htmldemo.net/monsta/monsta/assets/js/imagesloaded.js]
[htmldemo.net/monsta/monsta/assets/js/isotope.main.js]
[htmldemo.net/monsta/monsta/assets/js/jqquery.ripples.js]
[htmldemo.net/monsta/monsta/assets/js/jquery.cookie.js]
[htmldemo.net/monsta/monsta/assets/js/bpopup.js]
[htmldemo.net/monsta/monsta/index-2.html]
[htmldemo.net/monsta/monsta/assets/js/main.js]
[htmldemo.net/monsta/monsta/assets/fonts/fontawesome-webfont3e6e.eot]
[htmldemo.net/monsta/monsta/assets/fonts/fontawesome-webfontd41d.eot]
[htmldemo.net/monsta/monsta/assets/fonts/fontawesome-webfont3e6e.woff2]
[htmldemo.net/monsta/monsta/assets/fonts/fontawesome-webfont3e6e.woff]
[htmldemo.net/monsta/monsta/assets/fonts/fontawesome-webfont3e6e.ttf]
[htmldemo.net/monsta/monsta/assets/fonts/fontawesome-webfont3e6e.svg]
[htmldemo.net/monsta/monsta/assets/css/owl.video.play.png]
[htmldemo.net/monsta/monsta/assets/css/images/ui-icons_444444_256x240.png]
[htmldemo.net/monsta/monsta/assets/css/images/ui-icons_555555_256x240.png]
[htmldemo.net/monsta/monsta/assets/css/images/ui-icons_ffffff_256x240.png]
[htmldemo.net/monsta/monsta/assets/css/images/ui-icons_777620_256x240.png]
[htmldemo.net/monsta/monsta/assets/css/images/ui-icons_cc0000_256x240.png]
[htmldemo.net/monsta/monsta/assets/css/images/ui-icons_777777_256x240.png]
[htmldemo.net/monsta/monsta/assets/fonts/ionicons28b5.eot]
[htmldemo.net/monsta/monsta/assets/fonts/ionicons28b5.ttf]
[htmldemo.net/monsta/monsta/assets/fonts/ionicons28b5.woff]
[htmldemo.net/monsta/monsta/assets/fonts/ionicons28b5.svg]
[htmldemo.net/monsta/monsta/assets/css/fonts/Stroke-Gap-Icons.eot]
[htmldemo.net/monsta/monsta/assets/css/plugins.css]
[htmldemo.net/monsta/monsta/assets/img/bg/banner4.jpg]
[htmldemo.net/monsta/monsta/assets/img/bg/banner13.jpg]
[htmldemo.net/monsta/monsta/assets/img/bg/banner14.jpg]
[htmldemo.net/monsta/monsta/assets/img/bg/banner15.jpg]
[htmldemo.net/monsta/monsta/assets/img/icon/blog-nav.png]
[htmldemo.net/monsta/monsta/assets/img/bg/coming-soon.jpg]
[htmldemo.net/monsta/monsta/assets/css/style.css]
[htmldemo.net/monsta/monsta/assets/img/slider/slider1.jpg]
[htmldemo.net/monsta/monsta/assets/img/slider/slider2.jpg]
[htmldemo.net/monsta/monsta/assets/img/bg/banner1.jpg]
[htmldemo.net/monsta/monsta/assets/img/bg/banner2.jpg]
[htmldemo.net/monsta/monsta/assets/img/bg/banner3.jpg]
[htmldemo.net/monsta/monsta/index.html]
[htmldemo.net/monsta/monsta/product-gallery.html]
[htmldemo.net/monsta/monsta/blog-sidebar.html]
[htmldemo.net/monsta/monsta/assets/img/slider/slider6.jpg]
[htmldemo.net/monsta/monsta/assets/img/slider/slider5.jpg]
[htmldemo.net/monsta/monsta/index-3.html]
[htmldemo.net/monsta/monsta/assets/img/bg/banner7.jpg]
[htmldemo.net/monsta/monsta/assets/img/bg/banner8.jpg]
[htmldemo.net/monsta/monsta/assets/img/bg/banner9.jpg]
[htmldemo.net/monsta/monsta/index-4.html]
[htmldemo.net/monsta/monsta/assets/img/icon/icon_phone.png]
[htmldemo.net/monsta/monsta/assets/img/logo/logo-3.png]
[htmldemo.net/monsta/monsta/assets/img/slider/slider7.jpg]
[htmldemo.net/monsta/monsta/assets/img/slider/slider8.jpg]
[htmldemo.net/monsta/monsta/assets/img/slider/slider9.jpg]
[htmldemo.net/monsta/monsta/assets/img/bg/banner10.jpg]
[htmldemo.net/monsta/monsta/assets/img/bg/banner11.jpg]
[htmldemo.net/monsta/monsta/assets/img/bg/banner12.jpg]
[htmldemo.net/monsta/monsta/assets/img/product/product21.jpg]
[htmldemo.net/monsta/monsta/assets/img/product/product22.jpg]
[htmldemo.net/monsta/monsta/assets/img/product/product23.jpg]
[htmldemo.net/monsta/monsta/assets/img/product/product24.jpg]
[htmldemo.net/monsta/monsta/assets/img/product/product25.jpg]
[htmldemo.net/monsta/monsta/assets/img/product/product26.jpg]
[htmldemo.net/monsta/monsta/assets/img/product/product27.jpg]
[htmldemo.net/monsta/monsta/assets/img/product/product28.jpg]
[htmldemo.net/monsta/monsta/assets/img/product/product29.jpg]
[htmldemo.net/monsta/monsta/assets/img/product/product30.jpg]
[htmldemo.net/monsta/monsta/assets/img/product/product31.jpg]
[htmldemo.net/monsta/monsta/assets/img/product/product32.jpg]
[htmldemo.net/monsta/monsta/assets/img/product/product33.jpg]
[htmldemo.net/monsta/monsta/assets/img/product/product34.jpg]
[htmldemo.net/monsta/monsta/assets/img/product/product35.jpg]
[htmldemo.net/monsta/monsta/assets/img/product/product36.jpg]
[htmldemo.net/monsta/monsta/assets/img/product/product37.jpg]
[htmldemo.net/monsta/monsta/assets/img/product/product38.jpg]
[htmldemo.net/monsta/monsta/assets/img/product/product39.jpg]
[htmldemo.net/monsta/monsta/assets/img/blog/blog4.jpg]
[htmldemo.net/monsta/monsta/assets/img/blog/blog5.jpg]
[htmldemo.net/monsta/monsta/assets/img/s-product/product3.jpg]
[htmldemo.net/monsta/monsta/assets/img/s-product/product4.jpg]
[htmldemo.net/monsta/monsta/index-5.html]
[htmldemo.net/monsta/monsta/assets/img/slider/slider10.jpg]
[htmldemo.net/monsta/monsta/assets/img/slider/slider11.jpg]
[htmldemo.net/monsta/monsta/assets/img/slider/slider12.jpg]
[htmldemo.net/monsta/monsta/assets/img/bg/banner16.jpg]
[htmldemo.net/monsta/monsta/assets/img/bg/banner17.jpg]
[htmldemo.net/monsta/monsta/index-6.html]
[htmldemo.net/monsta/monsta/assets/img/slider/slider13.jpg]
[htmldemo.net/monsta/monsta/assets/img/slider/slider14.jpg]
[htmldemo.net/monsta/monsta/assets/img/slider/slider15.jpg]
[htmldemo.net/monsta/monsta/index-7.html]
[htmldemo.net/monsta/monsta/assets/img/bg/banner18.jpg]
[htmldemo.net/monsta/monsta/assets/img/bg/banner19.jpg]
[htmldemo.net/monsta/monsta/assets/img/bg/banner20.jpg]
[htmldemo.net/monsta/monsta/assets/img/bg/banner21.jpg]
[htmldemo.net/monsta/monsta/assets/img/icon/text4.1.png]
[htmldemo.net/monsta/monsta/index-8.html]
[htmldemo.net/monsta/monsta/shop-left-sidebar.html]
[htmldemo.net/monsta/monsta/index-9.html]
[htmldemo.net/monsta/monsta/index-10.html]
[htmldemo.net/monsta/monsta/assets/img/product/product17.jpg]
[htmldemo.net/monsta/monsta/assets/img/product/product18.jpg]
[htmldemo.net/monsta/monsta/assets/img/product/product19.jpg]
[htmldemo.net/monsta/monsta/assets/img/product/product20.jpg]
[htmldemo.net/monsta/monsta/shop.html]
[htmldemo.net/monsta/monsta/shop-fullwidth.html]
[htmldemo.net/monsta/monsta/shop-fullwidth-list.html]
[htmldemo.net/monsta/monsta/shop-right-sidebar.html]
[htmldemo.net/monsta/monsta/shop-right-sidebar-list.html]
[htmldemo.net/monsta/monsta/shop-list.html]
[htmldemo.net/monsta/monsta/assets/img/portfolio/portfolio1.jpg]
[htmldemo.net/monsta/monsta/assets/img/portfolio/portfolio2.jpg]
[htmldemo.net/monsta/monsta/assets/img/portfolio/portfolio3.jpg]
[htmldemo.net/monsta/monsta/assets/img/portfolio/portfolio4.jpg]
[htmldemo.net/monsta/monsta/assets/img/portfolio/portfolio5.jpg]
[htmldemo.net/monsta/monsta/assets/img/portfolio/portfolio6.jpg]
[htmldemo.net/monsta/monsta/portfolio.html]
[htmldemo.net/monsta/monsta/assets/img/blog/blog9.jpg]
[htmldemo.net/monsta/monsta/assets/img/blog/comment3.png.jpg]
[htmldemo.net/monsta/monsta/assets/img/blog/post1.jpg]
[htmldemo.net/monsta/monsta/assets/img/blog/post2.jpg]
[htmldemo.net/monsta/monsta/assets/img/blog/post3.jpg]
[htmldemo.net/monsta/monsta/assets/img/blog/post4.jpg]
[htmldemo.net/monsta/monsta/assets/img/blog/post5.jpg]
[htmldemo.net/monsta/monsta/assets/img/blog/post6.jpg]
[htmldemo.net/monsta/monsta/assets/img/blog/comment.png.jpg]
[htmldemo.net/monsta/monsta/portfolio-details.html]
[htmldemo.net/monsta/monsta/cart.html]
[htmldemo.net/monsta/monsta/assets/img/icon/papyel.png]
[htmldemo.net/monsta/monsta/checkout.html]
[htmldemo.net/monsta/monsta/my-account.html]
[htmldemo.net/monsta/monsta/assets/img/product/product1-big.jpg]
[htmldemo.net/monsta/monsta/assets/img/product/product2-big.jpg]
[htmldemo.net/monsta/monsta/assets/img/product/product3-big.jpg]
[htmldemo.net/monsta/monsta/assets/img/blog/comment2.jpg]
[htmldemo.net/monsta/monsta/product-details.html]
[htmldemo.net/monsta/monsta/product-sidebar.html]
[htmldemo.net/monsta/monsta/product-grouped.html]
[htmldemo.net/monsta/monsta/variable-product.html]
[htmldemo.net/monsta/monsta/assets/img/blog/blog6.jpg]
[htmldemo.net/monsta/monsta/assets/img/blog/blog7.jpg]
[htmldemo.net/monsta/monsta/assets/img/blog/blog8.jpg]
[htmldemo.net/monsta/monsta/blog.html]
[htmldemo.net/monsta/monsta/blog-details.html]
[htmldemo.net/monsta/monsta/assets/img/blog/blog10.jpg]
[htmldemo.net/monsta/monsta/assets/img/blog/blog11.jpg]
[htmldemo.net/monsta/monsta/blog-fullwidth.html]
[htmldemo.net/monsta/monsta/blog-left.html]
[htmldemo.net/monsta/monsta/blog-none-sidebar.html]
[htmldemo.net/monsta/monsta/blog-right.html]
[htmldemo.net/monsta/monsta/blog-sticky.html]
[htmldemo.net/monsta/monsta/assets/img/about/about1.jpg]
[htmldemo.net/monsta/monsta/assets/img/about/About_icon1.jpg]
[htmldemo.net/monsta/monsta/assets/img/about/About_icon2.jpg]
[htmldemo.net/monsta/monsta/assets/img/about/About_icon3.jpg]
[htmldemo.net/monsta/monsta/assets/img/service/services2.jpg]
[htmldemo.net/monsta/monsta/assets/img/service/services1.jpg]
[htmldemo.net/monsta/monsta/assets/img/service/services3.jpg]
[htmldemo.net/monsta/monsta/assets/img/about/testimonial4.jpg]
[htmldemo.net/monsta/monsta/assets/img/about/testimonial5.jpg]
[htmldemo.net/monsta/monsta/assets/img/about/testimonial6.png]
[htmldemo.net/monsta/monsta/about.html]
[htmldemo.net/monsta/monsta/assets/img/service/services4.jpg]
[htmldemo.net/monsta/monsta/services.html]
[htmldemo.net/monsta/monsta/faq.html]
[htmldemo.net/monsta/monsta/contact.html]
[htmldemo.net/monsta/monsta/login.html]
[htmldemo.net/monsta/monsta/wishlist.html]
[htmldemo.net/monsta/monsta/404.html]
[htmldemo.net/monsta/monsta/compare.html]
[htmldemo.net/monsta/monsta/privacy-policy.html]
[htmldemo.net/monsta/monsta/coming-soon.html]
[htmldemo.net/monsta/monsta/assets/fonts/fontawesome-webfont3e6e.svg]
[htmldemo.net/monsta/monsta/assets/css/owl.video.play.html]
[htmldemo.net/monsta/monsta/assets/fonts/ionicons28b5.svg]
[htmldemo.net/monsta/monsta/assets/css/fonts/Stroke-Gap-Icons.html]
[htmldemo.net/monsta/monsta/product-gallery.html]
[htmldemo.net/monsta/monsta/blog-sidebar.html]
[htmldemo.net/monsta/monsta/shop-left-sidebar.html]
[htmldemo.net/monsta/monsta/assets/js/map.js]
